Hello in Chinese is:

**你好** (